output data for testing
(1) 10
(2) 83
(3) 2048
(4) 32
(5) 66
(6) 312
(7) 312
(8) 0 can't be a denominator.
