output data for testing
10
83
2048
32
66
312
312
0 can't be a denominator.
